// Jest Snapshot v1, https://goo.gl/fbAQLP

exports[`<Modal /> check Modal renders properly with default props 1`] = `
<Fragment>
  <button
    className="testbuttonclasses"
    data-target="#100"
    data-toggle="modal"
    type="button"
  >
    Test Button
  </button>
  <div
    aria-hidden="true"
    aria-labelledby="100"
    className="modal fade"
    id="100"
    role="dialog"
    tabIndex="-1"
  >
    <div
      className="modal-dialog modal-dialog-centered"
      role="document"
    >
      <div
        className="modal-content"
      >
        <div
          className="modal-header"
        >
          <h1
            className="display-5 modal-title"
            id="100"
          >
            Test Title
          </h1>
          <button
            aria-label="Close"
            className="close"
            data-dismiss="modal"
            type="button"
          >
            <span
              aria-hidden="true"
            >
              Ã—
            </span>
          </button>
        </div>
        <div
          className="modal-body"
        >
          Test Text
        </div>
        <div
          className="modal-footer"
        >
          <button
            className="btn btn-secondary"
            data-dismiss="modal"
            type="button"
          >
            Test Abort
          </button>
          <button
            className="btn btn-danger"
            data-dismiss="modal"
            onClick={[MockFunction]}
            type="button"
          >
            Test confirmation text
          </button>
        </div>
      </div>
    </div>
  </div>
</Fragment>
`;
