// Jest Snapshot v1, https://goo.gl/fbAQLP

exports[`<Pagination /> renders and displays 2nd page as active 1`] = `
<nav
  className=""
>
  <ul
    className="pagination-list"
  >
    <li
      className="pagination-item"
      key="1"
    >
      <PaginationButton
        handlePageChange={[MockFunction]}
        page={1}
      />
    </li>
    <li
      className="pagination-item--active"
      key="2"
    >
      <PaginationButton
        handlePageChange={[MockFunction]}
        page={2}
      />
    </li>
  </ul>
</nav>
`;

exports[`<Pagination /> renders with default props with 1st page checked as active 1`] = `
<nav
  className=""
>
  <ul
    className="pagination-list"
  >
    <li
      className="pagination-item--active"
      key="1"
    >
      <PaginationButton
        handlePageChange={[MockFunction]}
        page={1}
      />
    </li>
    <li
      className="pagination-item"
      key="2"
    >
      <PaginationButton
        handlePageChange={[MockFunction]}
        page={2}
      />
    </li>
  </ul>
</nav>
`;
