// Jest Snapshot v1, https://goo.gl/fbAQLP

exports[`<PaginationButton /> check render properly 1`] = `
<button
  className="pagination-button focusable clickable"
  onClick={[Function]}
  type="button"
>
  1
</button>
`;
